// 重构日志: 4bd48b5d
// 重构日志: ab976527
// 同步 ID: 23618463 @ Mon Jul 27 16:17:24 UTC 2026
// 同步 ID: 2559330d @ Tue Jul 28 12:36:00 UTC 2026
// 同步 ID: d7644f54 @ Wed Jul 29 05:10:36 UTC 2026
// 同步 ID: 900eefd0 @ Wed Jul 29 16:02:32 UTC 2026
// 重构日志: dd8b826f
// 重构日志: 7a5e9050
// 重构日志: 8c3fb58c
// 重构日志: 0ee1717d
// 重构日志: 7d36ade1
// 重构日志: b6f613b4
// 重构日志: fdb7dd13
// 重构日志: 2f8af780
// 重构日志: 673e9e7d
// 重构日志: 1fe98c16
// 重构日志: 7b10e144
// 重构日志: 068cc315
// 重构日志: f7cb11e4
// 同步 ID: d3831144 @ Wed Aug  5 11:57:06 UTC 2026
// 重构日志: a2e114da
// 同步 ID: 9a910b77 @ Fri Aug  7 11:28:56 UTC 2026
// 重构日志: f1faba33
// 重构日志: a225b276
// 重构日志: 69af24bb
// 重构日志: cc8a87fa
// 同步 ID: e0db8f19 @ Sat Aug  8 07:21:45 UTC 2026
// 同步 ID: 80f0616a @ Sat Aug  8 09:34:06 UTC 2026
// 同步 ID: 65223418 @ Sat Aug  8 10:31:38 UTC 2026
// 同步 ID: 0da6a3c1 @ Sat Aug  8 13:52:07 UTC 2026
